 
****************************************
Report : area
Design : uBlock_enc_decompose_top
Version: L-2016.03-SP1
Date   : Mon Aug 28 12:47:30 2023
****************************************

Information: Updating design information... (UID-85)
Warning: Design 'uBlock_enc_decompose_top' contains 1 high-fanout nets. A fanout number of 1000 will be used for delay calculations involving these nets. (TIM-134)
Library(s) Used:

    NangateOpenCellLibrary (File: /home/lancel/dclab/uBlockMaskingSchemedecompose_Yao_AreaTest/lib/NangateOpenCellLibrary_fast.db)

Number of ports:                         8944
Number of nets:                         15651
Number of cells:                         7034
Number of combinational cells:           5578
Number of sequential cells:              1311
Number of macros/black boxes:               0
Number of buf/inv:                        861
Number of references:                       5

Combinational area:               7257.809882
Buf/Inv area:                      466.298004
Noncombinational area:            6144.599876
Macro/Black Box area:                0.000000
Net Interconnect area:      undefined  (Wire load has zero net area)

Total cell area:                 13402.409758
Total area:                 undefined
1
